// Jest Snapshot v1, https://goo.gl/fbAQLP

exports[`<Star/> should match snapshot 1`] = `
<DocumentFragment>
  <span
    class="Star"
  />
</DocumentFragment>
`;
