// Jest Snapshot v1, https://goo.gl/fbAQLP

exports[`<Anchor/> should match snapshot 1`] = `
<DocumentFragment>
  <a
    class="Anchor"
    href="/"
  >
    Test children
  </a>
</DocumentFragment>
`;
