// Jest Snapshot v1, https://goo.gl/fbAQLP

exports[`<Schedule/> Given TV Schedule is not and empty array should match snapshot 1`] = `
<DocumentFragment>
  <article
    class="Schedule"
  >
    <div
      class="Schedule__container"
    >
      <h2
        class="Schedule__heading"
      >
        <span
          class="Schedule__heading-text"
        >
          Shows Airing: Sun Oct 25 2020
        </span>
        <span
          class="Schedule__heading-results"
        >
          4Â results
        </span>
      </h2>
      <ul
        class="Schedule__list"
        data-testid="schedule-list"
      >
        <li
          class="Schedule__item"
        >
          <a
            class="Anchor ShowCard Schedule__card"
            href="/show/31534"
          >
            <article
              class="ShowCard__content"
            >
              <p
                class="ShowCard__meta"
              >
                Time: 09:00 
                <span
                  class="ShowCard__meta-time"
                >
                  (24hr)
                </span>
              </p>
              <p
                class="ShowCard__meta"
              >
                Network: Sky 1
              </p>
              <h3
                class="ShowCard__heading"
              >
                The Russell Howard Hour
              </h3>
              <div
                class="Ratings ShowCard__ratings"
              >
                <span
                  class="Star Ratings__star Star--is-active"
                />
                <span
                  class="Star Ratings__star Star--is-active"
                />
                <span
                  class="Star Ratings__star Star--is-active"
                />
                <span
                  class="Star Ratings__star Star--is-active"
                />
                <span
                  class="Star Ratings__star"
                />
              </div>
              <div
                class="ShowImage ShowCard__image"
              >
                <img
                  alt="The Russell Howard Hour poster"
                  class="ShowImage__image"
                  loading="lazy"
                  src="http://static.tvmaze.com/uploads/images/medium_portrait/130/325669.jpg"
                  width="200"
                />
              </div>
            </article>
          </a>
        </li>
        <li
          class="Schedule__item"
        >
          <a
            class="Anchor ShowCard Schedule__card"
            href="/show/31534"
          >
            <article
              class="ShowCard__content"
            >
              <p
                class="ShowCard__meta"
              >
                Time: 09:00 
                <span
                  class="ShowCard__meta-time"
                >
                  (24hr)
                </span>
              </p>
              <p
                class="ShowCard__meta"
              >
                Network: Sky 1
              </p>
              <h3
                class="ShowCard__heading"
              >
                The Russell Howard Hour
              </h3>
              <div
                class="Ratings ShowCard__ratings"
              >
                <span
                  class="Star Ratings__star Star--is-active"
                />
                <span
                  class="Star Ratings__star Star--is-active"
                />
                <span
                  class="Star Ratings__star Star--is-active"
                />
                <span
                  class="Star Ratings__star Star--is-active"
                />
                <span
                  class="Star Ratings__star"
                />
              </div>
              <div
                class="ShowImage ShowCard__image"
              >
                <img
                  alt="The Russell Howard Hour poster"
                  class="ShowImage__image"
                  loading="lazy"
                  src="http://static.tvmaze.com/uploads/images/medium_portrait/130/325669.jpg"
                  width="200"
                />
              </div>
            </article>
          </a>
        </li>
        <li
          class="Schedule__item"
        >
          <a
            class="Anchor ShowCard Schedule__card"
            href="/show/31534"
          >
            <article
              class="ShowCard__content"
            >
              <p
                class="ShowCard__meta"
              >
                Time: 09:00 
                <span
                  class="ShowCard__meta-time"
                >
                  (24hr)
                </span>
              </p>
              <p
                class="ShowCard__meta"
              >
                Network: Sky 1
              </p>
              <h3
                class="ShowCard__heading"
              >
                The Russell Howard Hour
              </h3>
              <div
                class="Ratings ShowCard__ratings"
              >
                <span
                  class="Star Ratings__star Star--is-active"
                />
                <span
                  class="Star Ratings__star Star--is-active"
                />
                <span
                  class="Star Ratings__star Star--is-active"
                />
                <span
                  class="Star Ratings__star Star--is-active"
                />
                <span
                  class="Star Ratings__star"
                />
              </div>
              <div
                class="ShowImage ShowCard__image"
              >
                <img
                  alt="The Russell Howard Hour poster"
                  class="ShowImage__image"
                  loading="lazy"
                  src="http://static.tvmaze.com/uploads/images/medium_portrait/130/325669.jpg"
                  width="200"
                />
              </div>
            </article>
          </a>
        </li>
        <li
          class="Schedule__item"
        >
          <a
            class="Anchor ShowCard Schedule__card"
            href="/show/31534"
          >
            <article
              class="ShowCard__content"
            >
              <p
                class="ShowCard__meta"
              >
                Time: 09:00 
                <span
                  class="ShowCard__meta-time"
                >
                  (24hr)
                </span>
              </p>
              <p
                class="ShowCard__meta"
              >
                Network: Sky 1
              </p>
              <h3
                class="ShowCard__heading"
              >
                The Russell Howard Hour
              </h3>
              <div
                class="Ratings ShowCard__ratings"
              >
                <span
                  class="Star Ratings__star Star--is-active"
                />
                <span
                  class="Star Ratings__star Star--is-active"
                />
                <span
                  class="Star Ratings__star Star--is-active"
                />
                <span
                  class="Star Ratings__star Star--is-active"
                />
                <span
                  class="Star Ratings__star"
                />
              </div>
              <div
                class="ShowImage ShowCard__image"
              >
                <img
                  alt="The Russell Howard Hour poster"
                  class="ShowImage__image"
                  loading="lazy"
                  src="http://static.tvmaze.com/uploads/images/medium_portrait/130/325669.jpg"
                  width="200"
                />
              </div>
            </article>
          </a>
        </li>
      </ul>
    </div>
  </article>
</DocumentFragment>
`;
